// Jest Snapshot v1, https://goo.gl/fbAQLP

exports[`matches snapshot 1`] = `
<div>
  <div
    class="Carousel"
  >
    <h1>
      test caption
    </h1>
    <div
      class="Carousel-main"
    >
      <i
        class="bi bi-arrow-left-circle"
      />
      <div
        class="Card"
      >
        <h4
          class="Card-title"
        />
        <img
          class="Card-image"
        />
        <small
          class="Card-small"
        >
          Image 
          1
           of 
          55
          .
        </small>
      </div>
      <i
        class="bi bi-arrow-right-circle"
      />
    </div>
  </div>
</div>
`;
